// Jest Snapshot v1, https://goo.gl/fbAQLP

exports[`renders <PushButton /> without throwing 1`] = `
<button
  className="push-button"
  style={
    Object {
      "color": "#333",
      "fontSize": "14px",
    }
  }
>
   I am a PushButton
</button>
`;
