// Jest Snapshot v1, https://goo.gl/fbAQLP

exports[`renders <CounterButton /> without throwing 1`] = `
<button
  className="button"
  onClick={[Function]}
>
  0
</button>
`;
